# contains

result: contains

# does not contain

result: does not contain